******************************************************************************
               TMS320C6x Linker PC v7.4.24                     
******************************************************************************
>> Linked Mon Dec 16 14:32:53 2024

OUTPUT FILE NAME:   <ASPS_ZVV_PEV.out>
ENTRY POINT SYMBOL: "_c_int00"  address: 0c01d120


MEMORY CONFIGURATION

         name            origin    length      used     unused   attr    fill
----------------------  --------  ---------  --------  --------  ----  --------
  IPC_ISR_REG           02620244   00000004  00000000  00000004  RWIX
  DDR3_INIT_CODE        0c000000   00018000  00000000  00018000  RW X
  USER_SRAM_1_4         0c018000   000e8000  00008dcc  000df234  RWIX
  KNL0_SRAM_1_4         10800000   000fff80  00000000  000fff80  RWIX
  KNL0_BOOT_AREA        108fff80   0000007c  00000000  0000007c  RWIX
  KNL0_MAGIC_ADDRESS    108ffffc   00000004  00000000  00000004  RWIX
  CTRL_PARAS            11800000   00000100  00000000  00000100  RWIX
  KNL1_SRAM_1_2         11800100   0003ff00  00000000  0003ff00  RWIX
  CSL_INTC              11840000   00010000  00000000  00010000  RWIX
  USER_MAGIC_ADDRESS    118fff80   00000004  00000000  00000004  R   
  KNL1_BOOT_AREA        118fff84   00000078  00000000  00000078  RWIX
  KNL1_MAGIC_ADDRESS    118ffffc   00000004  00000000  00000004  RWIX
  USER_SRAM_2_4         11e00000   00008000  00004440  00003bc0  RWIX
  USER_SRAM_3_4         11f00000   00008000  00003a70  00004590  RWIX
  TI_BOOT_ROM           20b00000   00020000  00000000  00020000  RWIX
  KNL0_SRAM_2_4         80000000   000fe000  00000000  000fe000  RWIX
  USER_SRAM_4_4         80100000   01800000  00000000  01800000  RWIX
  KNL0_SRAM_3_4         82000000   0d000000  00000000  0d000000  RWIX
  KNL0_SRAM_4_4         8f000000   01000000  00000000  01000000  RWIX
  KNL1_SRAM_2_2         90000000   10000000  00000000  10000000  RWIX


SEGMENT ALLOCATION MAP

run origin  load origin   length   init length attrs members
----------  ----------- ---------- ----------- ----- -------
0c018000    0c018000    000056e0   000056e0    r-x
  0c018000    0c018000    000056e0   000056e0    r-x .text
0c01d700    0c01d700    00000ee8   00000ee8    r--
  0c01d700    0c01d700    00000ee8   00000ee8    r-- .const
0c01e5e8    0c01e5e8    00000414   00000228    rw-
  0c01e5e8    0c01e5e8    00000228   00000228    rw- .fardata
  0c01e810    0c01e810    000001ec   00000000    rw- .far
0c01ea00    0c01ea00    00000058   00000058    r--
  0c01ea00    0c01ea00    00000058   00000058    r-- .switch
0c01ea80    0c01ea80    00002398   00002398    r--
  0c01ea80    0c01ea80    00002398   00002398    r-- .cinit
11e00000    11e00000    000034c0   000034c0    r-x
  11e00000    11e00000    000034c0   000034c0    r-x .text_2
11e03500    11e03500    00000f80   00000f80    r-x
  11e03500    11e03500    00000f80   00000f80    r-x .CODE_ON_HIGHER_SPEED
11f00000    11f00000    000032b8   000022b8    rw-
  11f00000    11f00000    000022b8   000022b8    rw- .data_2
  11f022b8    11f022b8    00001000   00000000    rw- .stack
11f032b8    11f032b8    00000024   00000014    rw-
  11f032b8    11f032b8    00000014   00000014    rw- .neardata
  11f032cc    11f032cc    00000010   00000000    rw- .bss
11f03300    11f03300    00000794   00000794    rw-
  11f03300    11f03300    00000794   00000794    rw- .DATA_ON_HIGHER_SPEED


SECTION ALLOCATION MAP

 output                                  attributes/
section   page    origin      length       input sections
--------  ----  ----------  ----------   ----------------
.text      0    0c018000    000056e0     
                  0c018000    00000b40     Table_Reference.obj (.text)
                  0c018b40    000006c0     mwio4.lib : mw_i2c_eeprom.obj (.text)
                  0c019200    000005c0     rts6600_elf.lib : divd.obj (.text:__c6xabi_divd)
                  0c0197c0    000005c0     mwio4.lib : DAC_LIB.obj (.text)
                  0c019d80    00000540     InductionMotor.obj (.text)
                  0c01a2c0    000003c0     mwio4.lib : mw_spi.obj (.text)
                  0c01a680    000003a0     Integrator.obj (.text)
                  0c01aa20    000003a0     Inverter.obj (.text)
                  0c01adc0    00000360     mwio4.lib : mw_flash.obj (.text)
                  0c01b120    00000340     ASPS_ZVV_PEV.obj (.text)
                  0c01b460    00000340     mwio4.lib : mw_platform.obj (.text)
                  0c01b7a0    000002c0     rts6600_elf.lib : cos.obj (.text:cos)
                  0c01ba60    00000280                     : divf.obj (.text:__c6xabi_divf)
                  0c01bce0    00000280                     : sin.obj (.text:sin)
                  0c01bf60    000001c0     DSPBoard.obj (.text)
                  0c01c120    000001c0     rts6600_elf.lib : atan.obj (.text:atan)
                  0c01c2e0    00000180                     : copy_decompress_rle.obj (.text:__TI_decompress_rle_core)
                  0c01c460    00000180                     : atan2.obj (.text:atan2)
                  0c01c5e0    00000180                     : frexp.obj (.text:frexp)
                  0c01c760    00000160                     : sqrt.obj (.text:sqrt)
                  0c01c8c0    00000100                     : autoinit.obj (.text:_auto_init_elf)
                  0c01c9c0    00000100                     : cpy_tbl.obj (.text:copy_in)
                  0c01cac0    000000e0     LowPassFilter.obj (.text)
                  0c01cba0    000000e0     rts6600_elf.lib : divi.obj (.text:__divi)
                  0c01cc80    000000c0                     : divu.obj (.text:__divu)
                  0c01cd40    000000c0                     : exit.obj (.text:exit)
                  0c01ce00    000000c0                     : tls.obj (.text:tls:init:__TI_tls_init)
                  0c01cec0    000000a0                     : round.obj (.text:__c6xabi_nround)
                  0c01cf60    000000a0                     : memcpy64.obj (.text:memcpy)
                  0c01d000    000000a0                     : modf.obj (.text:modf)
                  0c01d0a0    00000080                     : fixdu.obj (.text:__c6xabi_fixdu)
                  0c01d120    00000080                     : boot.obj (.text:_c_int00)
                  0c01d1a0    00000080     mwio4.lib : mw_i2c.obj (.text)
                  0c01d220    00000060     rts6600_elf.lib : cpp_init.obj (.text:__TI_cpp_init)
                  0c01d280    00000060                     : frcmpyd_div.obj (.text:__c6xabi_frcmpyd_div)
                  0c01d2e0    00000060                     : llshift.obj (.text:__c6xabi_llshru)
                  0c01d340    00000040     Vector.obj (.text)
                  0c01d380    00000040     rts6600_elf.lib : strasg.obj (.text:__strasgi_64plus)
                  0c01d3c0    00000040                     : args_main.obj (.text:_args_main)
                  0c01d400    00000020     ti.csl.ae66 : csl_gpioGetBaseAddress.oe66 (.text:CSL_GPIO_open)
                  0c01d420    00000020     Main.obj (.text)
                  0c01d440    00000020     rts6600_elf.lib : errno.obj (.text:__c6xabi_errno_addr)
                  0c01d460    00000020                     : trunc.obj (.text:__c6xabi_trunc)
                  0c01d480    00000020                     : exit.obj (.text:abort)
                  0c01d4a0    00000020                     : copy_decompress_none.obj (.text:decompress:none:__TI_decompress_none)
                  0c01d4c0    00000020                     : copy_decompress_rle.obj (.text:decompress:rle24:__TI_decompress_rle24)
                  0c01d4e0    00000010     mwio4.lib : EMIF16.obj ($Tramp$S$$EMF_EnableIntr_s32)
                  0c01d4f0    00000010               : gpio_int.obj ($Tramp$S$$GPI_init_vo)
                  0c01d500    00000010               : mwintc.obj ($Tramp$S$$mwintc_setupApp)
                  0c01d510    00000010               : PEV_INV_LIB.obj ($Tramp$S$$PEV_ad_in_grp)
                  0c01d520    00000010               : PEV_INV_LIB.obj ($Tramp$S$$PEV_ad_in_st)
                  0c01d530    00000010               : PEV_INV_LIB.obj ($Tramp$S$$PEV_ad_start)
                  0c01d540    00000010               : PEV_INV_LIB.obj ($Tramp$S$$PEV_abz_read)
                  0c01d550    00000010               : PEV_PIO_LIB.obj ($Tramp$S$$PEV_pio_set_bit)
                  0c01d560    00000010               : PEV_INV_LIB.obj ($Tramp$S$$PEV_inverter_start_pwm)
                  0c01d570    00000010               : timer_lib.obj ($Tramp$S$$C6657_timer1_init)
                  0c01d580    00000010               : timer_lib.obj ($Tramp$S$$C6657_timer0_init)
                  0c01d590    00000010               : mwintc.obj ($Tramp$S$$IRQ_globalEnable)
                  0c01d5a0    00000010               : gpio_int.obj ($Tramp$S$$GPI_enable_int_vo)
                  0c01d5b0    00000010               : PEV_INV_LIB.obj ($Tramp$S$$PEV_ad_enable_int)
                  0c01d5c0    00000010               : PEV_INV_LIB.obj ($Tramp$S$$PEV_inverter_enable_int)
                  0c01d5d0    00000010               : PEV_INV_LIB.obj ($Tramp$S$$PEV_abz_set_mode)
                  0c01d5e0    00000010               : PEV_INV_LIB.obj ($Tramp$S$$PEV_abz_init_maxcount)
                  0c01d5f0    00000010               : PEV_INV_LIB.obj ($Tramp$S$$PEV_inverter_set_uvw)
                  0c01d600    00000010               : PEV_INV_LIB.obj ($Tramp$S$$PEV_inverter_init_adtrig_timing)
                  0c01d610    00000010               : PEV_INV_LIB.obj ($Tramp$S$$PEV_inverter_init_int_timing)
                  0c01d620    00000010               : PEV_INV_LIB.obj ($Tramp$S$$PEV_ad_set_mode)
                  0c01d630    00000010               : PEV_INV_LIB.obj ($Tramp$S$$PEV_ad_set_range)
                  0c01d640    00000010               : PEV_INV_LIB.obj ($Tramp$S$$PEV_sync_pwm_out)
                  0c01d650    00000010               : PEV_INV_LIB.obj ($Tramp$S$$PEV_sync_pwm_init)
                  0c01d660    00000010               : PEV_INV_LIB.obj ($Tramp$S$$PEV_inverter_init)
                  0c01d670    00000010               : gpio_int.obj ($Tramp$S$$GPI_setVector_vo)
                  0c01d680    00000010               : PEV_INV_LIB.obj ($Tramp$S$$PEV_int_init)
                  0c01d690    00000010               : mwintc.obj ($Tramp$S$$IRQ_globalRestore)
                  0c01d6a0    00000010               : mwintc.obj ($Tramp$S$$IRQ_globalDisable)
                  0c01d6b0    00000010               : EMIF16.obj ($Tramp$S$$EMF_Read_s32)
                  0c01d6c0    00000010               : EMIF16.obj ($Tramp$S$$EMF_Write_s32)
                  0c01d6d0    00000010               : EMIF16.obj ($Tramp$S$$EMF_Write2_s32)

.const     0    0c01d700    00000ee8     
                  0c01d700    00000174     Table_Reference.obj (.const:$P$T0$1)
                  0c01d874    00000004     --HOLE-- [fill = 0]
                  0c01d878    00000146     Table_Reference.obj (.const:$P$T1$2)
                  0c01d9be    00000002     --HOLE-- [fill = 0]
                  0c01d9c0    0000010a     Table_Reference.obj (.const:$P$T2$3)
                  0c01daca    00000006     --HOLE-- [fill = 0]
                  0c01dad0    00000102     Table_Reference.obj (.const:$P$T9$10)
                  0c01dbd2    00000006     --HOLE-- [fill = 0]
                  0c01dbd8    000000ea     Table_Reference.obj (.const:$P$T3$4)
                  0c01dcc2    00000006     --HOLE-- [fill = 0]
                  0c01dcc8    000000de     Table_Reference.obj (.const:$P$T10$11)
                  0c01dda6    00000002     --HOLE-- [fill = 0]
                  0c01dda8    000000d2     Table_Reference.obj (.const:$P$T4$5)
                  0c01de7a    00000006     --HOLE-- [fill = 0]
                  0c01de80    000000ce     Table_Reference.obj (.const:$P$T11$12)
                  0c01df4e    00000002     --HOLE-- [fill = 0]
                  0c01df50    000000ba     Table_Reference.obj (.const:$P$T12$13)
                  0c01e00a    00000006     --HOLE-- [fill = 0]
                  0c01e010    000000b6     Table_Reference.obj (.const:$P$T5$6)
                  0c01e0c6    00000002     --HOLE-- [fill = 0]
                  0c01e0c8    000000ae     Table_Reference.obj (.const:$P$T13$14)
                  0c01e176    00000002     --HOLE-- [fill = 0]
                  0c01e178    000000a6     Table_Reference.obj (.const:$P$T6$7)
                  0c01e21e    00000002     --HOLE-- [fill = 0]
                  0c01e220    0000009e     Table_Reference.obj (.const:$P$T14$15)
                  0c01e2be    00000002     --HOLE-- [fill = 0]
                  0c01e2c0    00000096     Table_Reference.obj (.const:$P$T15$16)
                  0c01e356    00000002     --HOLE-- [fill = 0]
                  0c01e358    00000096     Table_Reference.obj (.const:$P$T7$8)
                  0c01e3ee    00000002     --HOLE-- [fill = 0]
                  0c01e3f0    00000092     Table_Reference.obj (.const:$P$T8$9)
                  0c01e482    00000006     --HOLE-- [fill = 0]
                  0c01e488    0000008a     Table_Reference.obj (.const:$P$T16$17)
                  0c01e512    00000006     --HOLE-- [fill = 0]
                  0c01e518    0000007a     Table_Reference.obj (.const:$P$T17$18)
                  0c01e592    00000006     --HOLE-- [fill = 0]
                  0c01e598    00000030     ASPS_ZVV_PEV.obj (.const:$P$T0$1)
                  0c01e5c8    00000020     ASPS_ZVV_PEV.obj (.const:$P$T1$3)

.fardata   0    0c01e5e8    00000228     
                  0c01e5e8    000000a8     mwio4.lib : mw_platform.obj (.fardata)
                  0c01e690    00000040     rts6600_elf.lib : cos.obj (.fardata:R$1)
                  0c01e6d0    00000040                     : sin.obj (.fardata:R$1)
                  0c01e710    00000040                     : atan.obj (.fardata:arctan_consts$1)
                  0c01e750    00000020                     : atan.obj (.fardata:A$2)
                  0c01e770    00000020     ASPS_ZVV_PEV.obj (.fardata:IM_parameter$2)
                  0c01e790    00000018     ASPS_ZVV_PEV.obj (.fardata:ModulationSwitchingState)
                  0c01e7a8    00000018     Inverter.obj (.fardata:ModulationSwitchingState)
                  0c01e7c0    00000018     ASPS_ZVV_PEV.obj (.fardata:SwitchingState)
                  0c01e7d8    00000018     Inverter.obj (.fardata:SwitchingState)
                  0c01e7f0    0000000c     rts6600_elf.lib : exit.obj (.fardata)
                  0c01e7fc    00000004                     : errno.obj (.fardata)
                  0c01e800    00000008     Inverter.obj (.fardata:SwitchingCountTable)
                  0c01e808    00000008     Inverter.obj (.fardata:VoltageVectorPattern)

.far       0    0c01e810    000001ec     UNINITIALIZED
                  0c01e810    000001e0     mwio4.lib : DAC_LIB.obj (.far)
                  0c01e9f0    0000000c               : EMIF16.obj (.far)

.switch    0    0c01ea00    00000058     
                  0c01ea00    00000048     Table_Reference.obj (.switch:Table_Reference)
                  0c01ea48    00000010     mwio4.lib : mw_flash.obj (.switch:mw_nor_erase)

.cinit     0    0c01ea80    00002398     
                  0c01ea80    00002069     (.cinit..data_2.load) [load image, compression = rle]
                  0c020ae9    00000003     --HOLE-- [fill = 0]
                  0c020aec    000001c9     (.cinit..fardata.load) [load image, compression = rle]
                  0c020cb5    00000003     --HOLE-- [fill = 0]
                  0c020cb8    00000120     (.cinit..DATA_ON_HIGHER_SPEED.load) [load image, compression = rle]
                  0c020dd8    00000015     (.cinit..neardata.load) [load image, compression = rle]
                  0c020ded    00000003     --HOLE-- [fill = 0]
                  0c020df0    00000008     (__TI_handler_table)
                  0c020df8    00000020     (__TI_cinit_table)

.text_2    0    11e00000    000034c0     
                  11e00000    00001960     mwio4.lib : PEV_INV_LIB.obj (.text)
                  11e01960    00000640               : timer_lib.obj (.text)
                  11e01fa0    00000620               : EMIF16.obj (.text)
                  11e025c0    00000440               : mwintc.obj (.text)
                  11e02a00    00000320               : csl2_intcHwControl.obj (.text:csl_section:intc)
                  11e02d20    000001e0               : EMIF16.obj (.text:retain)
                  11e02f00    000001a0               : gpio_int.obj (.text)
                  11e030a0    00000180               : csl2_intcOpen.obj (.text:csl_section:intc)
                  11e03220    00000140               : _csl2_intcIntrEnDisRes_eabi.obj (.text)
                  11e03360    000000e0               : PEV_PIO_LIB.obj (.text)
                  11e03440    00000020               : _csl2_intcDispatcher.obj (.text:csl_section:intc)
                  11e03460    00000020               : _csl2_intcDispatcher.obj (.text:csl_section:intc:retain)
                  11e03480    00000010     ti.csl.ae66 : csl_gpioGetBaseAddress.oe66 ($Tramp$S$$CSL_GPIO_open)
                  11e03490    00000010     rts6600_elf.lib : fixdu.obj ($Tramp$S$$__c6xabi_fixdu)
                  11e034a0    00000010                     : divd.obj ($Tramp$S$$__c6xabi_divd)
                  11e034b0    00000010                     : divi.obj ($Tramp$S$$__c6xabi_divi)

.CODE_ON_HIGHER_SPEED 
*          0    11e03500    00000f80     
                  11e03500    00000ee0     ASPS_ZVV_PEV.obj (.CODE_ON_HIGHER_SPEED:retain)
                  11e043e0    00000010     rts6600_elf.lib : divf.obj ($Tramp$S$$__c6xabi_divf)
                  11e043f0    00000010     DSPBoard.obj ($Tramp$S$$DSP_InputEncoderData)
                  11e04400    00000010     InductionMotor.obj ($Tramp$S$$IM_CalcStatus)
                  11e04410    00000010     Table_Reference.obj ($Tramp$S$$Table_Reference)
                  11e04420    00000010     Inverter.obj ($Tramp$S$$Inv_UpdateOutputVoltage)
                  11e04430    00000010     rts6600_elf.lib : cos.obj ($Tramp$S$$cos)
                  11e04440    00000010     Integrator.obj ($Tramp$S$$Puseudo_integrator)
                  11e04450    00000010     Integrator.obj ($Tramp$S$$Integral_modulation)
                  11e04460    00000010     Inverter.obj ($Tramp$S$$SF_calculation)
                  11e04470    00000010     mwio4.lib : DAC_LIB.obj ($Tramp$S$$DAC_da_out)

.data_2    0    11f00000    000022b8     
                  11f00000    00000170     mwio4.lib : PEV_INV_LIB.obj (.far) [fill = 0]
                  11f00170    000000c0               : gpio_int.obj (.far) [fill = 0]
                  11f00230    00000024               : timer_lib.obj (.far) [fill = 0]
                  11f00254    00000018               : csl2_intcHwControl.obj (.switch:CSL2_intcHwControl)
                  11f0026c    00000004     --HOLE--
                  11f00270    00000040               : gpio_int.obj (.fardata:gpio_int_map)
                  11f002b0    00002008               : _mwsintbl.obj (.const:_mwSinTbl)

.stack     0    11f022b8    00001000     UNINITIALIZED
                  11f022b8    00000008     rts6600_elf.lib : boot.obj (.stack)
                  11f022c0    00000ff8     --HOLE--

.neardata 
*          0    11f032b8    00000014     
                  11f032b8    0000000c     mwio4.lib : timer_lib.obj (.neardata)
                  11f032c4    00000004               : csl2_intcOpen.obj (.neardata)
                  11f032c8    00000004               : mw_platform.obj (.neardata)

.bss       0    11f032cc    00000010     UNINITIALIZED
                  11f032cc    00000008     mwio4.lib : EMIF16.obj (.bss)
                  11f032d4    00000004               : gpio_int.obj (.bss)
                  11f032d8    00000004               : mw_spi.obj (.bss)

.DATA_ON_HIGHER_SPEED 
*          0    11f03300    00000794     
                  11f03300    00000462     ASPS_ZVV_PEV.obj (.DATA_ON_HIGHER_SPEED:uninit) [fill = 0]
                  11f03762    00000006     --HOLE--
                  11f03768    0000032c     ASPS_ZVV_PEV.obj (.DATA_ON_HIGHER_SPEED:init)


LINKER GENERATED COPY TABLES

__TI_cinit_table @ 0c020df8 records: 4, size/record: 8, table size: 32
	.data_2: load addr=0c01ea80, load size=00002069 bytes, run addr=11f00000, run size=000022b8 bytes, compression=rle
	.fardata: load addr=0c020aec, load size=000001c9 bytes, run addr=0c01e5e8, run size=00000228 bytes, compression=rle
	.DATA_ON_HIGHER_SPEED: load addr=0c020cb8, load size=00000120 bytes, run addr=11f03300, run size=00000794 bytes, compression=rle
	.neardata: load addr=0c020dd8, load size=00000015 bytes, run addr=11f032b8, run size=00000014 bytes, compression=rle


LINKER GENERATED HANDLER TABLE

__TI_handler_table @ 0c020df0 records: 2, size/record: 4, table size: 8
	index: 0, handler: __TI_decompress_rle24
	index: 1, handler: __TI_decompress_none


FAR CALL TRAMPOLINES

callee name               trampoline name
   callee addr  tramp addr   call addr  call info
--------------  -----------  ---------  ----------------
$.text:mwio4.lib<EMIF16.obj>$0x58c  $Tramp$S$$EMF_EnableIntr_s32
   11e0252c     0c01d4e0     0c01d42c   Main.obj (.text)
$.text:mwio4.lib<gpio_int.obj>$0x124  $Tramp$S$$GPI_init_vo
   11e03024     0c01d4f0     0c01d428   Main.obj (.text)
$.text:mwio4.lib<mwintc.obj>$0x34  $Tramp$S$$mwintc_setupApp
   11e025f4     0c01d500     0c01d424   Main.obj (.text)
$.text:mwio4.lib<PEV_INV_LIB.obj>$0x106c  $Tramp$S$$PEV_ad_in_grp
   11e0106c     0c01d510     0c01c108   DSPBoard.obj (.text)
$.text:mwio4.lib<PEV_INV_LIB.obj>$0x1040  $Tramp$S$$PEV_ad_in_st
   11e01040     0c01d520     0c01c0e0   DSPBoard.obj (.text)
                             0c01c0e8   DSPBoard.obj (.text)
                             0c01c0f8   DSPBoard.obj (.text)
$.text:mwio4.lib<PEV_INV_LIB.obj>$0xf10  $Tramp$S$$PEV_ad_start
   11e00f10     0c01d530     0c01c0d0   DSPBoard.obj (.text)
$.text:mwio4.lib<PEV_INV_LIB.obj>$0x17a4  $Tramp$S$$PEV_abz_read
   11e017a4     0c01d540     0c01bf98   DSPBoard.obj (.text)
$.text:mwio4.lib<PEV_PIO_LIB.obj>$0x0  $Tramp$S$$PEV_pio_set_bit
   11e03360     0c01d550     0c01b440   ASPS_ZVV_PEV.obj (.text)
$.text:mwio4.lib<PEV_INV_LIB.obj>$0x394  $Tramp$S$$PEV_inverter_start_pwm
   11e00394     0c01d560     0c01b438   ASPS_ZVV_PEV.obj (.text)
$.text:mwio4.lib<timer_lib.obj>$0x370  $Tramp$S$$C6657_timer1_init
   11e01cd0     0c01d570     0c01b424   ASPS_ZVV_PEV.obj (.text)
$.text:mwio4.lib<timer_lib.obj>$0x510  $Tramp$S$$C6657_timer0_init
   11e01e70     0c01d580     0c01b414   ASPS_ZVV_PEV.obj (.text)
$.text:mwio4.lib<mwintc.obj>$0x3f0  $Tramp$S$$IRQ_globalEnable
   11e029b0     0c01d590     0c01b40c   ASPS_ZVV_PEV.obj (.text)
$.text:mwio4.lib<gpio_int.obj>$0x14c  $Tramp$S$$GPI_enable_int_vo
   11e0304c     0c01d5a0     0c01b400   ASPS_ZVV_PEV.obj (.text)
                             0c01b408   ASPS_ZVV_PEV.obj (.text)
$.text:mwio4.lib<PEV_INV_LIB.obj>$0x1418  $Tramp$S$$PEV_ad_enable_int
   11e01418     0c01d5b0     0c01b3f0   ASPS_ZVV_PEV.obj (.text)
                             0c01b3f8   ASPS_ZVV_PEV.obj (.text)
$.text:mwio4.lib<PEV_INV_LIB.obj>$0xcf4  $Tramp$S$$PEV_inverter_enable_int
   11e00cf4     0c01d5c0     0c01b3e4   ASPS_ZVV_PEV.obj (.text)
                             0c01b3ec   ASPS_ZVV_PEV.obj (.text)
$.text:mwio4.lib<PEV_INV_LIB.obj>$0x1734  $Tramp$S$$PEV_abz_set_mode
   11e01734     0c01d5d0     0c01b3d8   ASPS_ZVV_PEV.obj (.text)
$.text:mwio4.lib<PEV_INV_LIB.obj>$0x17e8  $Tramp$S$$PEV_abz_init_maxcount
   11e017e8     0c01d5e0     0c01b3d0   ASPS_ZVV_PEV.obj (.text)
$.text:mwio4.lib<PEV_INV_LIB.obj>$0x5e8  $Tramp$S$$PEV_inverter_set_uvw
   11e005e8     0c01d5f0     0c01b3a8   ASPS_ZVV_PEV.obj (.text)
                             0c01b3c0   ASPS_ZVV_PEV.obj (.text)
$.text:mwio4.lib<PEV_INV_LIB.obj>$0xaa8  $Tramp$S$$PEV_inverter_init_adtrig_timing
   11e00aa8     0c01d600     0c01b2c4   ASPS_ZVV_PEV.obj (.text)
$.text:mwio4.lib<PEV_INV_LIB.obj>$0x9b8  $Tramp$S$$PEV_inverter_init_int_timing
   11e009b8     0c01d610     0c01b2b8   ASPS_ZVV_PEV.obj (.text)
$.text:mwio4.lib<PEV_INV_LIB.obj>$0xfe0  $Tramp$S$$PEV_ad_set_mode
   11e00fe0     0c01d620     0c01b2ac   ASPS_ZVV_PEV.obj (.text)
$.text:mwio4.lib<PEV_INV_LIB.obj>$0xf48  $Tramp$S$$PEV_ad_set_range
   11e00f48     0c01d630     0c01b2a0   ASPS_ZVV_PEV.obj (.text)
$.text:mwio4.lib<PEV_INV_LIB.obj>$0x150  $Tramp$S$$PEV_sync_pwm_out
   11e00150     0c01d640     0c01b298   ASPS_ZVV_PEV.obj (.text)
$.text:mwio4.lib<PEV_INV_LIB.obj>$0x260  $Tramp$S$$PEV_sync_pwm_init
   11e00260     0c01d650     0c01b280   ASPS_ZVV_PEV.obj (.text)
                             0c01b288   ASPS_ZVV_PEV.obj (.text)
$.text:mwio4.lib<PEV_INV_LIB.obj>$0xb84  $Tramp$S$$PEV_inverter_init
   11e00b84     0c01d660     0c01b260   ASPS_ZVV_PEV.obj (.text)
                             0c01b270   ASPS_ZVV_PEV.obj (.text)
$.text:mwio4.lib<gpio_int.obj>$0x0  $Tramp$S$$GPI_setVector_vo
   11e02f00     0c01d670     0c01b22c   ASPS_ZVV_PEV.obj (.text)
                             0c01b250   ASPS_ZVV_PEV.obj (.text)
$.text:mwio4.lib<PEV_INV_LIB.obj>$0xde0  $Tramp$S$$PEV_int_init
   11e00de0     0c01d680     0c01b204   ASPS_ZVV_PEV.obj (.text)
                             0c01b214   ASPS_ZVV_PEV.obj (.text)
$.text:mwio4.lib<mwintc.obj>$0x3e8  $Tramp$S$$IRQ_globalRestore
   11e029a8     0c01d690     0c019d4c   mwio4.lib : DAC_LIB.obj (.text)
$.text:mwio4.lib<mwintc.obj>$0x410  $Tramp$S$$IRQ_globalDisable
   11e029d0     0c01d6a0     0c019d0c   mwio4.lib : DAC_LIB.obj (.text)
$.text:mwio4.lib<EMIF16.obj>$0x218  $Tramp$S$$EMF_Read_s32
   11e021b8     0c01d6b0     0c0199f8   mwio4.lib : DAC_LIB.obj (.text)
$.text:mwio4.lib<EMIF16.obj>$0x0  $Tramp$S$$EMF_Write_s32
   11e01fa0     0c01d6c0     0c019960   mwio4.lib : DAC_LIB.obj (.text)
                             0c019d2c             : DAC_LIB.obj (.text)
                             0c019d38             : DAC_LIB.obj (.text)
$.text:mwio4.lib<EMIF16.obj>$0x180  $Tramp$S$$EMF_Write2_s32
   11e02120     0c01d6d0     0c0198c8   mwio4.lib : DAC_LIB.obj (.text)
$.text:__c6xabi_divf:rts6600_elf.lib<divf.obj>$0x0  $Tramp$S$$__c6xabi_divf
   0c01ba60     11e043e0     11e036ec   ASPS_ZVV_PEV.obj (.CODE_ON_HIGHER_SPEED:retain)
                             11e03700   ASPS_ZVV_PEV.obj (.CODE_ON_HIGHER_SPEED:retain)
                             11e03724   ASPS_ZVV_PEV.obj (.CODE_ON_HIGHER_SPEED:retain)
$.text:DSPBoard.obj$0x0   $Tramp$S$$DSP_InputEncoderData
   0c01bf60     11e043f0     11e03888   ASPS_ZVV_PEV.obj (.CODE_ON_HIGHER_SPEED:retain)
$.text:InductionMotor.obj$0x4e8  $Tramp$S$$IM_CalcStatus
   0c01a268     11e04400     11e038f4   ASPS_ZVV_PEV.obj (.CODE_ON_HIGHER_SPEED:retain)
$.text:Table_Reference.obj$0x0  $Tramp$S$$Table_Reference
   0c018000     11e04410     11e03d50   ASPS_ZVV_PEV.obj (.CODE_ON_HIGHER_SPEED:retain)
$.text:Inverter.obj$0x140  $Tramp$S$$Inv_UpdateOutputVoltage
   0c01ab60     11e04420     11e03f08   ASPS_ZVV_PEV.obj (.CODE_ON_HIGHER_SPEED:retain)
                             11e03f14   ASPS_ZVV_PEV.obj (.CODE_ON_HIGHER_SPEED:retain)
$.text:cos:rts6600_elf.lib<cos.obj>$0x0  $Tramp$S$$cos
   0c01b7a0     11e04430     11e0401c   ASPS_ZVV_PEV.obj (.CODE_ON_HIGHER_SPEED:retain)
                             11e04050   ASPS_ZVV_PEV.obj (.CODE_ON_HIGHER_SPEED:retain)
$.text:Integrator.obj$0x0  $Tramp$S$$Puseudo_integrator
   0c01a680     11e04440     11e040e8   ASPS_ZVV_PEV.obj (.CODE_ON_HIGHER_SPEED:retain)
                             11e04128   ASPS_ZVV_PEV.obj (.CODE_ON_HIGHER_SPEED:retain)
$.text:Integrator.obj$0x178  $Tramp$S$$Integral_modulation
   0c01a7f8     11e04450     11e04194   ASPS_ZVV_PEV.obj (.CODE_ON_HIGHER_SPEED:retain)
$.text:Inverter.obj$0x44  $Tramp$S$$SF_calculation
   0c01aa64     11e04460     11e04204   ASPS_ZVV_PEV.obj (.CODE_ON_HIGHER_SPEED:retain)
$.text:mwio4.lib<DAC_LIB.obj>$0x498  $Tramp$S$$DAC_da_out
   0c019c58     11e04470     11e042a4   ASPS_ZVV_PEV.obj (.CODE_ON_HIGHER_SPEED:retain)
$.text:CSL_GPIO_open:ti.csl.ae66<csl_gpioGetBaseAddress.oe66>$0x0  $Tramp$S$$CSL_GPIO_open
   0c01d400     11e03480     11e03028   mwio4.lib : gpio_int.obj (.text)
$.text:__c6xabi_fixdu:rts6600_elf.lib<fixdu.obj>$0x0  $Tramp$S$$__c6xabi_fixdu
   0c01d0a0     11e03490     11e01a1c   mwio4.lib : timer_lib.obj (.text)
                             11e01b90             : timer_lib.obj (.text)
                             11e01d30             : timer_lib.obj (.text)
                             11e01ed0             : timer_lib.obj (.text)
$.text:__c6xabi_divd:rts6600_elf.lib<divd.obj>$0x0  $Tramp$S$$__c6xabi_divd
   0c019200     11e034a0     11e01a14   mwio4.lib : timer_lib.obj (.text)
                             11e01b88             : timer_lib.obj (.text)
                             11e01d28             : timer_lib.obj (.text)
                             11e01ec8             : timer_lib.obj (.text)
$.text:__divi:rts6600_elf.lib<divi.obj>$0x0  $Tramp$S$$__c6xabi_divi
   0c01cba0     11e034b0     11e001f8   mwio4.lib : PEV_INV_LIB.obj (.text)
                             11e00448             : PEV_INV_LIB.obj (.text)
                             11e00470             : PEV_INV_LIB.obj (.text)
                             11e00658             : PEV_INV_LIB.obj (.text)
                             11e00684             : PEV_INV_LIB.obj (.text)
                             11e00a48             : PEV_INV_LIB.obj (.text)
                             11e00b24             : PEV_INV_LIB.obj (.text)
                             11e00bec             : PEV_INV_LIB.obj (.text)

[46 trampolines]
[76 trampoline calls]


GLOBAL SYMBOLS: SORTED ALPHABETICALLY BY Name 

address    name
--------   ----
0c01d480   C$$EXIT
11e01f8c   C6657_timer0_clear
11e01f78   C6657_timer0_clear_eventflag
11e01f38   C6657_timer0_disable_int
11e01ee4   C6657_timer0_enable_int
11e01e70   C6657_timer0_init
11e01e4c   C6657_timer0_init_vector
11e01e40   C6657_timer0_read
11e01e20   C6657_timer0_start
11e01e08   C6657_timer0_stop
11e01df8   C6657_timer0_write
11e01dec   C6657_timer1_clear
11e01de0   C6657_timer1_clear_eventflag
11e01d98   C6657_timer1_disable_int
11e01d44   C6657_timer1_enable_int
11e01cd0   C6657_timer1_init
11e01cac   C6657_timer1_init_vector
11e01ca0   C6657_timer1_read
11e01c80   C6657_timer1_start
11e01c68   C6657_timer1_stop
11e01c58   C6657_timer1_write
11e01c4c   C6657_timer2_clear
11e01c40   C6657_timer2_clear_eventflag
11e01bf8   C6657_timer2_disable_int
11e01ba4   C6657_timer2_enable_int
11e01b30   C6657_timer2_init
11e01ae8   C6657_timer2_init_vector
11e01ad8   C6657_timer2_read
11e01ab4   C6657_timer2_start
11e01aa0   C6657_timer2_stop
11e01a94   C6657_timer2_write
11e01a84   C6657_timer3_hi_clear_eventflag
11e01a2c   C6657_timer3_hi_enable_int
11e019b8   C6657_timer3_hi_init
11e01994   C6657_timer3_hi_init_vector
11e01974   C6657_timer3_hi_start
11e01960   C6657_timer3_hi_stop
11e02a00   CSL2_intcHwControl
11e030b4   CSL2_intcOpen2
11e030a0   CSL2_loadResource
0c01d400   CSL_GPIO_open
11e032a8   CSL_intcGlobalEnable
11e03300   CSL_intcGlobalNmiEnable
11e03240   CSL_intcInterruptDisable
11e03220   CSL_intcInterruptEnable
0c019c58   DAC_da_out
0c0197c0   DAC_da_out2
0c019c14   DAC_da_set_offset
0c019b80   DAC_da_set_offset2
0c019b08   DAC_da_set_range
0c019a18   DAC_da_set_range2
0c0199f4   DAC_get_fpga_ver
0c019980   DAC_init
0c0198e8   DAC_sync_init
0c01c0cc   DSP_InputADData
0c01bf60   DSP_InputEncoderData
11e0252c   EMF_EnableIntr_s32
11e02d20   EMF_ErrIntr_vo
11f032d0   EMF_ExtWaitErrCnt_u32s
11f032cc   EMF_ExtWaitErrInfo_u32s
11e024cc   EMF_Initialization_s32
11e02414   EMF_Read2_s32
11e023a8   EMF_Read3_s32
11e022e0   EMF_ReadFlashRom_s32
11e0222c   EMF_ReadFpgaBoard_s32
11e021b8   EMF_Read_s32
11e02120   EMF_Write2_s32
11e02018   EMF_WriteFlashRom_s32
11e01fa0   EMF_Write_s32
0c01e9f0   EMIF_IntrErr_sts
11f03798   ENC_data
11f037a0   ENC_delta
11f03948   Flag_TableRead
11f037c0   Flag_Vdc_command
11f03974   Flag_inte_out_zero
11f03975   Flag_omegaControl
11f03942   Flag_zero
11e0306c   GPI_disable_int_vo
11e0304c   GPI_enable_int_vo
11e03024   GPI_init_vo
11e02fd4   GPI_int_ack_vo
11e02f00   GPI_setVector_vo
11f03a10   Hysteresis_Band
0c01a268   IM_CalcStatus
0c019fa0   IM_Construct
0c019df4   IM_InitParam
0c019d80   IM_InitState
11e029d0   IRQ_globalDisable
11e029b0   IRQ_globalEnable
11e029a8   IRQ_globalRestore
0c01d36c   InitVect2
0c01d350   InitVect3
0c018a60   Init_Table
0c01a9ec   Integral_Construct
0c01a7f8   Integral_modulation
0c01a7e4   Integral_modulation_Construct
11e03b24   IntrFunc1
11e03500   IntrFunc2
0c01ad8c   Inv_CalcNVRFromVV
0c01ad58   Inv_CalcSwitchingCount
0c01ad18   Inv_Construct
0c01ab60   Inv_UpdateOutputVoltage
11f03950   Kis
11f0394c   Kps
11f03a54   Kvf
0c01cae8   LPF_CalcBDiff
0c01cac0   LPF_Construct
0c01b120   MW_main
11e01914   PEV_abz_clear
11e018e0   PEV_abz_clear_resolver_err
11e018a4   PEV_abz_get_resolver_err
11e01864   PEV_abz_get_resolver_pos
11e01834   PEV_abz_in_pin
11e017e8   PEV_abz_init_maxcount
11e017a4   PEV_abz_read
11e01734   PEV_abz_set_mode
11e016e8   PEV_abz_write
11e01494   PEV_ad_abz_read
11e01460   PEV_ad_disable_int
11e01418   PEV_ad_enable_int
11e012b0   PEV_ad_in_4ch
11e0106c   PEV_ad_in_grp
11e01040   PEV_ad_in_st
11e00fe0   PEV_ad_set_mode
11e00f98   PEV_ad_set_offset
11e00f48   PEV_ad_set_range
11e00f10   PEV_ad_start
11e00de0   PEV_int_init
11e00da8   PEV_inverter_control_break
11e00d70   PEV_inverter_control_gate
11e00d38   PEV_inverter_disable_int
11e00cf4   PEV_inverter_enable_int
11e00b84   PEV_inverter_init
11e00aa8   PEV_inverter_init_adtrig_timing
11e009b8   PEV_inverter_init_int_timing
11e00958   PEV_inverter_init_refload_timing
11e008d4   PEV_inverter_set_ab
11e007d4   PEV_inverter_set_ra
11e005e8   PEV_inverter_set_uvw
11e003cc   PEV_inverter_set_uvw_br
11e00394   PEV_inverter_start_pwm
11e00360   PEV_inverter_stop_pwm
11e033f8   PEV_pio_clr_bit
11e033cc   PEV_pio_in
11e03398   PEV_pio_out
11e03360   PEV_pio_set_bit
11e0030c   PEV_sync_ad_init
11e002b4   PEV_sync_ad_out
11e00260   PEV_sync_pwm_init
11e00150   PEV_sync_pwm_out
11e00100   PEV_sync_z_out
11e000c8   PEV_updown_clear_cnt
11e00078   PEV_updown_init_maxcount
11e00034   PEV_updown_read_cnt
11e00000   PEV_updown_set_mode
11f03748   Perr_a
11f03a08   Perr_b
11f03a0c   Perr_nrm
11f039fc   Pout_a
11f03a00   Pout_b
11f03744   Pref_a
11f03a04   Pref_b
0c01a680   Puseudo_integrator
11f03a34   SF_average
0c01aa64   SF_calculation
0c01aa20   SF_calculation_Constract
11f035c8   SW_Inst
11f038f3   Slot_Num
0c018000   Table_Reference
11f038f4   Table_num
11f03768   Tact
11f03300   Tact_ctrl
11f03910   Tc
11f03750   U_tr
0c01d340   VCT2_InitFunc
11f03628   VV_sequence
11f037f0   VV_sequence_dss25
11f03790   V_limit
11f03758   V_tr
11f03914   Va_last
11f03918   Vb_last
11f03780   Vdc
11f0378c   Vdc_command
11f037b4   Vdc_set
11f038f6   Vector_Number
11f038f5   Vector_Times
11f039f4   Vest_a
11f039f8   Vest_b
11f03a3c   Vref_a
11f03a40   Vref_b
11f03a38   Vref_nrm
11f03a14   Vtheta
11f039bc   Vtheta_out
11f039c0   Vtheta_ref
11f03738   Vu
11f039c4   Vu_inv
11f0391c   Vu_last
11f039dc   Vu_ref
11f03928   Vun_last
11f039e8   Vun_ref
11f039d4   Vuv
11f0373c   Vv
11f039c8   Vv_inv
11f03920   Vv_last
11f039e0   Vv_ref
11f0392c   Vvn_last
11f039ec   Vvn_ref
11f039d8   Vvw
11f03740   Vw
11f039cc   Vw_inv
11f03924   Vw_last
11f039e4   Vw_ref
11f03930   Vwn_last
11f039f0   Vwn_ref
11f039d0   Vwu
11f03760   W_tr
11e03460   _CSL2_intcDispatcherDummy
11e032c8   _CSL_intcGlobalDisable
11e0333c   _CSL_intcGlobalExcepClear
11e03314   _CSL_intcGlobalExcepEnable
11e03328   _CSL_intcGlobalExtExcepEnable
11e032e8   _CSL_intcGlobalRestore
11e03260   _CSL_intcInterruptClear
11e03278   _CSL_intcInterruptRestore
11e0326c   _CSL_intcInterruptSet
11e03290   _CSL_intcQueryInterruptStatus
0c020df8   __TI_CINIT_Base
0c020e18   __TI_CINIT_Limit
0c020df0   __TI_Handler_Table_Base
0c020df8   __TI_Handler_Table_Limit
UNDEFED    __TI_INITARRAY_Base
UNDEFED    __TI_INITARRAY_Limit
11f032b8   __TI_STACK_END
00001000   __TI_STACK_SIZE
11f032b8   __TI_STATIC_BASE
UNDEFED    __TI_TLS_INIT_Base
UNDEFED    __TI_TLS_INIT_Limit
00000001   __TI_args_main
0c01d220   __TI_cpp_init
0c01d4a0   __TI_decompress_none
0c01d4c0   __TI_decompress_rle24
0c01e7f8   __TI_enable_exit_profile_output
ffffffff   __TI_pprof_out_hndl
ffffffff   __TI_prof_data_size
ffffffff   __TI_prof_data_start
0c01ce00   __TI_tls_init
ffffffff   __binit__
0c019200   __c6xabi_divd
0c01ba60   __c6xabi_divf
0c01cba0   __c6xabi_divi
0c01cc80   __c6xabi_divu
0c01d440   __c6xabi_errno_addr
0c01d0a0   __c6xabi_fixdu
0c01d280   __c6xabi_frcmpyd_div
0c01d2e0   __c6xabi_llshru
0c01cec0   __c6xabi_nround
0c01d380   __c6xabi_strasgi_64plus
0c01d460   __c6xabi_trunc
ffffffff   __c_args__
0c01cba0   __divi
0c01cc80   __divu
0c01e7fc   __errno
0c01d380   __strasgi_64plus
0c01d3c0   _args_main
0c01c8c0   _auto_init_elf
0c01d120   _c_int00
0c01e7f0   _cleanup_ptr
0c01e7f4   _dtors_ptr
11f002b0   _mwSinTbl
11f022b8   _stack
0c01d480   abort
0c01c120   atan
0c01c460   atan2
11f03a28   average_time
ffffffff   binit
11e02688   cic0Out2Evnt
11f03940   confirm
11f03938   confirm_number
0c01c9c0   copy_in
0c01b7a0   cos
11f03a60   data_dac
11f03600   data_offset
11f035e0   data_offset_tmp
11f039b4   delta
11f03904   du
11f03908   dv
11f0390c   dw
11f03a50   dwt
11f03954   err_inte1
11f03958   err_inte2
0c01e7fc   errno
0c01d1a0   evmI2CInit
0c01cd40   exit
11f03a48   f_ref
0c01c5e0   frexp
11f00270   gpio_int_map
11f032d4   hGpio
11f03a88   i
0c019094   i2cEepromGetStatus2
0c018f18   i2cEepromRead2
0c018b88   i2cEepromWriteBlock2
0c018e00   i2cEepromWriteByteAddr2
11f037c4   ia_res
11f037c8   ib_res
11f037d4   id_res
11e02968   int_begin_nestint
11e02918   int_end_nestint
11f00170   intcObj
11f035b0   inte_mod
11f03968   inte_out
11f03560   inte_values
11f0340c   inv
11f037d8   iq_res
11f03936   is_write_complete
11f03774   iu_res
11f037a4   iu_set
11f03778   iv_res
11f037a8   iv_set
11f0377c   iw_res
11f037ac   iw_set
11f03a8c   j
11f03960   limit_value
11f033ec   lpf
11f03304   m
0c01d420   main
0c01cf60   memcpy
11f03a44   mod
0c01d000   modf
0c01b764   mw_Osal_platformSpiCsEnter
0c01b750   mw_Osal_platformSpiCsExit
11f032c4   mw_gp__CSL_intcCpuIntrTable
0c01b018   mw_nor_erase
0c01afac   mw_nor_get_details
0c01af38   mw_nor_init
0c01ae84   mw_nor_read
0c01adc0   mw_nor_write
0c01b730   mw_platform_delaycycles
0c01b6c4   mw_platform_device_close
0c01b684   mw_platform_device_erase_block
0c01b5ac   mw_platform_device_open
0c01b510   mw_platform_device_read
0c01b474   mw_platform_device_write
11f032c8   mw_platform_errno
11e03440   mw_setVect
0c01a4f8   mw_spi_claim
0c01a48c   mw_spi_cmd
0c01a480   mw_spi_cmd_read
0c01a470   mw_spi_cmd_write
0c01a404   mw_spi_release
0c01a2c0   mw_spi_xfer
11e02904   mwintc_clearSysInterrupt
11e028ec   mwintc_disableHostInterrupt
11e028d4   mwintc_disableSysInterrupt
11e028c0   mwintc_enableHostInterrupt
11e028a8   mwintc_enableSysInterrupt
11e02878   mwintc_getInterruptStatus
11e02860   mwintc_mapSystemIntrToChannel
11e02714   mwintc_setup
11e02794   mwintc_setup2
11e025f4   mwintc_setupApp
11f03a90   n
11f039ac   nrm_vi
11f039b0   nrm_vi_ref
11f038f2   numLines
11f037b8   offset_count
11f037bc   offset_time
11f03620   omega_data
11f0396c   omega_err
11f03970   omega_err_lf
11f03a80   omega_load_ref
11f03a58   omega_ref
11f03934   out_swp
11f0397c   p2_theta
11f03978   phi_2d
0c01b460   platform_write
11f03964   prop_out
11f03a2c   sf_Counter
11f03a30   sf_ave
11f03a18   sf_u_ave
11f03a1c   sf_v_ave
11f03a20   sf_w_ave
0c01bce0   sin
0c01c760   sqrt
11f03784   t_res
11f03788   t_res_lpf
11f037b0   t_set
11f03a84   tau_load_ref
11f039b8   theta_err
11f03730   theta_phi_s
11f039a8   theta_rep
11f032b8   tmr1regs
11f032bc   tmr2regs
11f032c0   tmr3regs
11f038f8   u
11f03980   u_sa
11f03990   u_sa_ref
11f03988   u_sb
11f03998   u_sb_ref
11f03a24   uvw_sw
11f038fc   v
11f037cc   va_res
11f037d0   vb_res
11f037dc   vd_res
11f037e0   vq_res
11f03900   w
11f039a4   w_lpf
11f039a0   w_q
11f037e4   wre
11f03935   write_step
11f037e8   wrm
11f037ec   wrm_filter
11f0395c   wrm_ref
11f03a4c   wt


GLOBAL SYMBOLS: SORTED BY Symbol Address 

address    name
--------   ----
00000001   __TI_args_main
00001000   __TI_STACK_SIZE
0c018000   Table_Reference
0c018a60   Init_Table
0c018b88   i2cEepromWriteBlock2
0c018e00   i2cEepromWriteByteAddr2
0c018f18   i2cEepromRead2
0c019094   i2cEepromGetStatus2
0c019200   __c6xabi_divd
0c0197c0   DAC_da_out2
0c0198e8   DAC_sync_init
0c019980   DAC_init
0c0199f4   DAC_get_fpga_ver
0c019a18   DAC_da_set_range2
0c019b08   DAC_da_set_range
0c019b80   DAC_da_set_offset2
0c019c14   DAC_da_set_offset
0c019c58   DAC_da_out
0c019d80   IM_InitState
0c019df4   IM_InitParam
0c019fa0   IM_Construct
0c01a268   IM_CalcStatus
0c01a2c0   mw_spi_xfer
0c01a404   mw_spi_release
0c01a470   mw_spi_cmd_write
0c01a480   mw_spi_cmd_read
0c01a48c   mw_spi_cmd
0c01a4f8   mw_spi_claim
0c01a680   Puseudo_integrator
0c01a7e4   Integral_modulation_Construct
0c01a7f8   Integral_modulation
0c01a9ec   Integral_Construct
0c01aa20   SF_calculation_Constract
0c01aa64   SF_calculation
0c01ab60   Inv_UpdateOutputVoltage
0c01ad18   Inv_Construct
0c01ad58   Inv_CalcSwitchingCount
0c01ad8c   Inv_CalcNVRFromVV
0c01adc0   mw_nor_write
0c01ae84   mw_nor_read
0c01af38   mw_nor_init
0c01afac   mw_nor_get_details
0c01b018   mw_nor_erase
0c01b120   MW_main
0c01b460   platform_write
0c01b474   mw_platform_device_write
0c01b510   mw_platform_device_read
0c01b5ac   mw_platform_device_open
0c01b684   mw_platform_device_erase_block
0c01b6c4   mw_platform_device_close
0c01b730   mw_platform_delaycycles
0c01b750   mw_Osal_platformSpiCsExit
0c01b764   mw_Osal_platformSpiCsEnter
0c01b7a0   cos
0c01ba60   __c6xabi_divf
0c01bce0   sin
0c01bf60   DSP_InputEncoderData
0c01c0cc   DSP_InputADData
0c01c120   atan
0c01c460   atan2
0c01c5e0   frexp
0c01c760   sqrt
0c01c8c0   _auto_init_elf
0c01c9c0   copy_in
0c01cac0   LPF_Construct
0c01cae8   LPF_CalcBDiff
0c01cba0   __c6xabi_divi
0c01cba0   __divi
0c01cc80   __c6xabi_divu
0c01cc80   __divu
0c01cd40   exit
0c01ce00   __TI_tls_init
0c01cec0   __c6xabi_nround
0c01cf60   memcpy
0c01d000   modf
0c01d0a0   __c6xabi_fixdu
0c01d120   _c_int00
0c01d1a0   evmI2CInit
0c01d220   __TI_cpp_init
0c01d280   __c6xabi_frcmpyd_div
0c01d2e0   __c6xabi_llshru
0c01d340   VCT2_InitFunc
0c01d350   InitVect3
0c01d36c   InitVect2
0c01d380   __c6xabi_strasgi_64plus
0c01d380   __strasgi_64plus
0c01d3c0   _args_main
0c01d400   CSL_GPIO_open
0c01d420   main
0c01d440   __c6xabi_errno_addr
0c01d460   __c6xabi_trunc
0c01d480   C$$EXIT
0c01d480   abort
0c01d4a0   __TI_decompress_none
0c01d4c0   __TI_decompress_rle24
0c01e7f0   _cleanup_ptr
0c01e7f4   _dtors_ptr
0c01e7f8   __TI_enable_exit_profile_output
0c01e7fc   __errno
0c01e7fc   errno
0c01e9f0   EMIF_IntrErr_sts
0c020df0   __TI_Handler_Table_Base
0c020df8   __TI_CINIT_Base
0c020df8   __TI_Handler_Table_Limit
0c020e18   __TI_CINIT_Limit
11e00000   PEV_updown_set_mode
11e00034   PEV_updown_read_cnt
11e00078   PEV_updown_init_maxcount
11e000c8   PEV_updown_clear_cnt
11e00100   PEV_sync_z_out
11e00150   PEV_sync_pwm_out
11e00260   PEV_sync_pwm_init
11e002b4   PEV_sync_ad_out
11e0030c   PEV_sync_ad_init
11e00360   PEV_inverter_stop_pwm
11e00394   PEV_inverter_start_pwm
11e003cc   PEV_inverter_set_uvw_br
11e005e8   PEV_inverter_set_uvw
11e007d4   PEV_inverter_set_ra
11e008d4   PEV_inverter_set_ab
11e00958   PEV_inverter_init_refload_timing
11e009b8   PEV_inverter_init_int_timing
11e00aa8   PEV_inverter_init_adtrig_timing
11e00b84   PEV_inverter_init
11e00cf4   PEV_inverter_enable_int
11e00d38   PEV_inverter_disable_int
11e00d70   PEV_inverter_control_gate
11e00da8   PEV_inverter_control_break
11e00de0   PEV_int_init
11e00f10   PEV_ad_start
11e00f48   PEV_ad_set_range
11e00f98   PEV_ad_set_offset
11e00fe0   PEV_ad_set_mode
11e01040   PEV_ad_in_st
11e0106c   PEV_ad_in_grp
11e012b0   PEV_ad_in_4ch
11e01418   PEV_ad_enable_int
11e01460   PEV_ad_disable_int
11e01494   PEV_ad_abz_read
11e016e8   PEV_abz_write
11e01734   PEV_abz_set_mode
11e017a4   PEV_abz_read
11e017e8   PEV_abz_init_maxcount
11e01834   PEV_abz_in_pin
11e01864   PEV_abz_get_resolver_pos
11e018a4   PEV_abz_get_resolver_err
11e018e0   PEV_abz_clear_resolver_err
11e01914   PEV_abz_clear
11e01960   C6657_timer3_hi_stop
11e01974   C6657_timer3_hi_start
11e01994   C6657_timer3_hi_init_vector
11e019b8   C6657_timer3_hi_init
11e01a2c   C6657_timer3_hi_enable_int
11e01a84   C6657_timer3_hi_clear_eventflag
11e01a94   C6657_timer2_write
11e01aa0   C6657_timer2_stop
11e01ab4   C6657_timer2_start
11e01ad8   C6657_timer2_read
11e01ae8   C6657_timer2_init_vector
11e01b30   C6657_timer2_init
11e01ba4   C6657_timer2_enable_int
11e01bf8   C6657_timer2_disable_int
11e01c40   C6657_timer2_clear_eventflag
11e01c4c   C6657_timer2_clear
11e01c58   C6657_timer1_write
11e01c68   C6657_timer1_stop
11e01c80   C6657_timer1_start
11e01ca0   C6657_timer1_read
11e01cac   C6657_timer1_init_vector
11e01cd0   C6657_timer1_init
11e01d44   C6657_timer1_enable_int
11e01d98   C6657_timer1_disable_int
11e01de0   C6657_timer1_clear_eventflag
11e01dec   C6657_timer1_clear
11e01df8   C6657_timer0_write
11e01e08   C6657_timer0_stop
11e01e20   C6657_timer0_start
11e01e40   C6657_timer0_read
11e01e4c   C6657_timer0_init_vector
11e01e70   C6657_timer0_init
11e01ee4   C6657_timer0_enable_int
11e01f38   C6657_timer0_disable_int
11e01f78   C6657_timer0_clear_eventflag
11e01f8c   C6657_timer0_clear
11e01fa0   EMF_Write_s32
11e02018   EMF_WriteFlashRom_s32
11e02120   EMF_Write2_s32
11e021b8   EMF_Read_s32
11e0222c   EMF_ReadFpgaBoard_s32
11e022e0   EMF_ReadFlashRom_s32
11e023a8   EMF_Read3_s32
11e02414   EMF_Read2_s32
11e024cc   EMF_Initialization_s32
11e0252c   EMF_EnableIntr_s32
11e025f4   mwintc_setupApp
11e02688   cic0Out2Evnt
11e02714   mwintc_setup
11e02794   mwintc_setup2
11e02860   mwintc_mapSystemIntrToChannel
11e02878   mwintc_getInterruptStatus
11e028a8   mwintc_enableSysInterrupt
11e028c0   mwintc_enableHostInterrupt
11e028d4   mwintc_disableSysInterrupt
11e028ec   mwintc_disableHostInterrupt
11e02904   mwintc_clearSysInterrupt
11e02918   int_end_nestint
11e02968   int_begin_nestint
11e029a8   IRQ_globalRestore
11e029b0   IRQ_globalEnable
11e029d0   IRQ_globalDisable
11e02a00   CSL2_intcHwControl
11e02d20   EMF_ErrIntr_vo
11e02f00   GPI_setVector_vo
11e02fd4   GPI_int_ack_vo
11e03024   GPI_init_vo
11e0304c   GPI_enable_int_vo
11e0306c   GPI_disable_int_vo
11e030a0   CSL2_loadResource
11e030b4   CSL2_intcOpen2
11e03220   CSL_intcInterruptEnable
11e03240   CSL_intcInterruptDisable
11e03260   _CSL_intcInterruptClear
11e0326c   _CSL_intcInterruptSet
11e03278   _CSL_intcInterruptRestore
11e03290   _CSL_intcQueryInterruptStatus
11e032a8   CSL_intcGlobalEnable
11e032c8   _CSL_intcGlobalDisable
11e032e8   _CSL_intcGlobalRestore
11e03300   CSL_intcGlobalNmiEnable
11e03314   _CSL_intcGlobalExcepEnable
11e03328   _CSL_intcGlobalExtExcepEnable
11e0333c   _CSL_intcGlobalExcepClear
11e03360   PEV_pio_set_bit
11e03398   PEV_pio_out
11e033cc   PEV_pio_in
11e033f8   PEV_pio_clr_bit
11e03440   mw_setVect
11e03460   _CSL2_intcDispatcherDummy
11e03500   IntrFunc2
11e03b24   IntrFunc1
11f00170   intcObj
11f00270   gpio_int_map
11f002b0   _mwSinTbl
11f022b8   _stack
11f032b8   __TI_STACK_END
11f032b8   __TI_STATIC_BASE
11f032b8   tmr1regs
11f032bc   tmr2regs
11f032c0   tmr3regs
11f032c4   mw_gp__CSL_intcCpuIntrTable
11f032c8   mw_platform_errno
11f032cc   EMF_ExtWaitErrInfo_u32s
11f032d0   EMF_ExtWaitErrCnt_u32s
11f032d4   hGpio
11f03300   Tact_ctrl
11f03304   m
11f033ec   lpf
11f0340c   inv
11f03560   inte_values
11f035b0   inte_mod
11f035c8   SW_Inst
11f035e0   data_offset_tmp
11f03600   data_offset
11f03620   omega_data
11f03628   VV_sequence
11f03730   theta_phi_s
11f03738   Vu
11f0373c   Vv
11f03740   Vw
11f03744   Pref_a
11f03748   Perr_a
11f03750   U_tr
11f03758   V_tr
11f03760   W_tr
11f03768   Tact
11f03774   iu_res
11f03778   iv_res
11f0377c   iw_res
11f03780   Vdc
11f03784   t_res
11f03788   t_res_lpf
11f0378c   Vdc_command
11f03790   V_limit
11f03798   ENC_data
11f037a0   ENC_delta
11f037a4   iu_set
11f037a8   iv_set
11f037ac   iw_set
11f037b0   t_set
11f037b4   Vdc_set
11f037b8   offset_count
11f037bc   offset_time
11f037c0   Flag_Vdc_command
11f037c4   ia_res
11f037c8   ib_res
11f037cc   va_res
11f037d0   vb_res
11f037d4   id_res
11f037d8   iq_res
11f037dc   vd_res
11f037e0   vq_res
11f037e4   wre
11f037e8   wrm
11f037ec   wrm_filter
11f037f0   VV_sequence_dss25
11f038f2   numLines
11f038f3   Slot_Num
11f038f4   Table_num
11f038f5   Vector_Times
11f038f6   Vector_Number
11f038f8   u
11f038fc   v
11f03900   w
11f03904   du
11f03908   dv
11f0390c   dw
11f03910   Tc
11f03914   Va_last
11f03918   Vb_last
11f0391c   Vu_last
11f03920   Vv_last
11f03924   Vw_last
11f03928   Vun_last
11f0392c   Vvn_last
11f03930   Vwn_last
11f03934   out_swp
11f03935   write_step
11f03936   is_write_complete
11f03938   confirm_number
11f03940   confirm
11f03942   Flag_zero
11f03948   Flag_TableRead
11f0394c   Kps
11f03950   Kis
11f03954   err_inte1
11f03958   err_inte2
11f0395c   wrm_ref
11f03960   limit_value
11f03964   prop_out
11f03968   inte_out
11f0396c   omega_err
11f03970   omega_err_lf
11f03974   Flag_inte_out_zero
11f03975   Flag_omegaControl
11f03978   phi_2d
11f0397c   p2_theta
11f03980   u_sa
11f03988   u_sb
11f03990   u_sa_ref
11f03998   u_sb_ref
11f039a0   w_q
11f039a4   w_lpf
11f039a8   theta_rep
11f039ac   nrm_vi
11f039b0   nrm_vi_ref
11f039b4   delta
11f039b8   theta_err
11f039bc   Vtheta_out
11f039c0   Vtheta_ref
11f039c4   Vu_inv
11f039c8   Vv_inv
11f039cc   Vw_inv
11f039d0   Vwu
11f039d4   Vuv
11f039d8   Vvw
11f039dc   Vu_ref
11f039e0   Vv_ref
11f039e4   Vw_ref
11f039e8   Vun_ref
11f039ec   Vvn_ref
11f039f0   Vwn_ref
11f039f4   Vest_a
11f039f8   Vest_b
11f039fc   Pout_a
11f03a00   Pout_b
11f03a04   Pref_b
11f03a08   Perr_b
11f03a0c   Perr_nrm
11f03a10   Hysteresis_Band
11f03a14   Vtheta
11f03a18   sf_u_ave
11f03a1c   sf_v_ave
11f03a20   sf_w_ave
11f03a24   uvw_sw
11f03a28   average_time
11f03a2c   sf_Counter
11f03a30   sf_ave
11f03a34   SF_average
11f03a38   Vref_nrm
11f03a3c   Vref_a
11f03a40   Vref_b
11f03a44   mod
11f03a48   f_ref
11f03a4c   wt
11f03a50   dwt
11f03a54   Kvf
11f03a58   omega_ref
11f03a60   data_dac
11f03a80   omega_load_ref
11f03a84   tau_load_ref
11f03a88   i
11f03a8c   j
11f03a90   n
ffffffff   __TI_pprof_out_hndl
ffffffff   __TI_prof_data_size
ffffffff   __TI_prof_data_start
ffffffff   __binit__
ffffffff   __c_args__
ffffffff   binit
UNDEFED    __TI_INITARRAY_Base
UNDEFED    __TI_INITARRAY_Limit
UNDEFED    __TI_TLS_INIT_Base
UNDEFED    __TI_TLS_INIT_Limit

[413 symbols]
